Determining if the function wait2 exists failed with the following output:
Change Dir: /home/ubuntu/toaststunt/src/CMakeFiles/CMakeTmp

Run Build Command(s):/usr/bin/make -f Makefile cmTC_0a0bb/fast && /usr/bin/make  -f CMakeFiles/cmTC_0a0bb.dir/build.make CMakeFiles/cmTC_0a0bb.dir/build
make[1]: Entering directory '/home/ubuntu/toaststunt/src/CMakeFiles/CMakeTmp'
Building C object CMakeFiles/cmTC_0a0bb.dir/CheckFunctionExists.c.o
/usr/bin/cc   -O3 -DNDEBUG -O3 -march=native -w -DCHECK_FUNCTION_EXISTS=wait2 -o CMakeFiles/cmTC_0a0bb.dir/CheckFunctionExists.c.o -c /snap/cmake/1156/share/cmake-3.24/Modules/CheckFunctionExists.c
Linking C executable cmTC_0a0bb
/snap/cmake/1156/bin/cmake -E cmake_link_script CMakeFiles/cmTC_0a0bb.dir/link.txt --verbose=1
/usr/bin/cc  -O3 -DNDEBUG -O3 -march=native -w -DCHECK_FUNCTION_EXISTS=wait2 CMakeFiles/cmTC_0a0bb.dir/CheckFunctionExists.c.o -o cmTC_0a0bb 
/usr/bin/ld: CMakeFiles/cmTC_0a0bb.dir/CheckFunctionExists.c.o: in function `main':
CheckFunctionExists.c:(.text.startup+0x10): undefined reference to `wait2'
collect2: error: ld returned 1 exit status
make[1]: *** [CMakeFiles/cmTC_0a0bb.dir/build.make:99: cmTC_0a0bb] Error 1
make[1]: Leaving directory '/home/ubuntu/toaststunt/src/CMakeFiles/CMakeTmp'
make: *** [Makefile:127: cmTC_0a0bb/fast] Error 2



Performing C SOURCE FILE Test CMAKE_HAVE_LIBC_PTHREAD failed with the following output:
Change Dir: /home/ubuntu/toaststunt/src/CMakeFiles/CMakeTmp

Run Build Command(s):/usr/bin/make -f Makefile cmTC_1eef5/fast && /usr/bin/make  -f CMakeFiles/cmTC_1eef5.dir/build.make CMakeFiles/cmTC_1eef5.dir/build
make[1]: Entering directory '/home/ubuntu/toaststunt/src/CMakeFiles/CMakeTmp'
Building C object CMakeFiles/cmTC_1eef5.dir/src.c.o
/usr/bin/cc -DCMAKE_HAVE_LIBC_PTHREAD  -O3 -DNDEBUG -O3 -march=native -w  -o CMakeFiles/cmTC_1eef5.dir/src.c.o -c /home/ubuntu/toaststunt/src/CMakeFiles/CMakeTmp/src.c
Linking C executable cmTC_1eef5
/snap/cmake/1156/bin/cmake -E cmake_link_script CMakeFiles/cmTC_1eef5.dir/link.txt --verbose=1
/usr/bin/cc  -O3 -DNDEBUG -O3 -march=native -w  CMakeFiles/cmTC_1eef5.dir/src.c.o -o cmTC_1eef5 
/usr/bin/ld: CMakeFiles/cmTC_1eef5.dir/src.c.o: in function `main':
src.c:(.text.startup+0x29): undefined reference to `pthread_create'
/usr/bin/ld: src.c:(.text.startup+0x32): undefined reference to `pthread_detach'
/usr/bin/ld: src.c:(.text.startup+0x3b): undefined reference to `pthread_cancel'
/usr/bin/ld: src.c:(.text.startup+0x46): undefined reference to `pthread_join'
collect2: error: ld returned 1 exit status
make[1]: *** [CMakeFiles/cmTC_1eef5.dir/build.make:99: cmTC_1eef5] Error 1
make[1]: Leaving directory '/home/ubuntu/toaststunt/src/CMakeFiles/CMakeTmp'
make: *** [Makefile:127: cmTC_1eef5/fast] Error 2


Source file was:
#include <pthread.h>

static void* test_func(void* data)
{
  return data;
}

int main(void)
{
  pthread_t thread;
  pthread_create(&thread, NULL, test_func, NULL);
  pthread_detach(thread);
  pthread_cancel(thread);
  pthread_join(thread, NULL);
  pthread_atfork(NULL, NULL, NULL);
  pthread_exit(NULL);

  return 0;
}

Determining if the function pthread_create exists in the pthreads failed with the following output:
Change Dir: /home/ubuntu/toaststunt/src/CMakeFiles/CMakeTmp

Run Build Command(s):/usr/bin/make -f Makefile cmTC_40415/fast && /usr/bin/make  -f CMakeFiles/cmTC_40415.dir/build.make CMakeFiles/cmTC_40415.dir/build
make[1]: Entering directory '/home/ubuntu/toaststunt/src/CMakeFiles/CMakeTmp'
Building C object CMakeFiles/cmTC_40415.dir/CheckFunctionExists.c.o
/usr/bin/cc   -O3 -DNDEBUG -O3 -march=native -w -DCHECK_FUNCTION_EXISTS=pthread_create -o CMakeFiles/cmTC_40415.dir/CheckFunctionExists.c.o -c /snap/cmake/1156/share/cmake-3.24/Modules/CheckFunctionExists.c
Linking C executable cmTC_40415
/snap/cmake/1156/bin/cmake -E cmake_link_script CMakeFiles/cmTC_40415.dir/link.txt --verbose=1
/usr/bin/cc  -O3 -DNDEBUG -O3 -march=native -w -DCHECK_FUNCTION_EXISTS=pthread_create CMakeFiles/cmTC_40415.dir/CheckFunctionExists.c.o -o cmTC_40415  -lpthreads 
/usr/bin/ld: cannot find -lpthreads
collect2: error: ld returned 1 exit status
make[1]: *** [CMakeFiles/cmTC_40415.dir/build.make:99: cmTC_40415] Error 1
make[1]: Leaving directory '/home/ubuntu/toaststunt/src/CMakeFiles/CMakeTmp'
make: *** [Makefile:127: cmTC_40415/fast] Error 2



